c:\users\pawly\source\repos\cavity_flow\obj\release\vc143.pdb
c:\users\pawly\source\repos\cavity_flow\obj\release\post_processor.obj
c:\users\pawly\source\repos\cavity_flow\obj\release\pimple_solver.obj
c:\users\pawly\source\repos\cavity_flow\obj\release\main.obj
c:\users\pawly\source\repos\cavity_flow\obj\release\grid.obj
c:\users\pawly\source\repos\cavity_flow\obj\release\fft_analyzer.obj
c:\users\pawly\source\repos\cavity_flow\obj\release\field.obj
c:\users\pawly\source\repos\cavity_flow\bin\release\cavity_flow.exe
c:\users\pawly\source\repos\cavity_flow\bin\release\cavity_flow.pdb
c:\users\pawly\source\repos\cavity_flow\obj\release\cavity_flow.ipdb
c:\users\pawly\source\repos\cavity_flow\obj\release\cavity_flow.iobj
c:\users\pawly\source\repos\cavity_flow\obj\release\cavity_flow.vcxproj.filelistabsolute.txt
c:\users\pawly\source\repos\cavity_flow\obj\release\cavity_flow.tlog\cl.command.1.tlog
c:\users\pawly\source\repos\cavity_flow\obj\release\cavity_flow.tlog\cl.items.tlog
c:\users\pawly\source\repos\cavity_flow\obj\release\cavity_flow.tlog\cl.read.1.tlog
c:\users\pawly\source\repos\cavity_flow\obj\release\cavity_flow.tlog\cl.write.1.tlog
c:\users\pawly\source\repos\cavity_flow\obj\release\cavity_flow.tlog\link.command.1.tlog
c:\users\pawly\source\repos\cavity_flow\obj\release\cavity_flow.tlog\link.read.1.tlog
c:\users\pawly\source\repos\cavity_flow\obj\release\cavity_flow.tlog\link.secondary.1.tlog
c:\users\pawly\source\repos\cavity_flow\obj\release\cavity_flow.tlog\link.write.1.tlog
